<html>
<body>
<pre>
<h1>µVision Build Log</h1>
<h2>Tool Versions:</h2>
IDE-Version: ¦ÌVision V5.43.1.0
Copyright (C) 2025 ARM Ltd and ARM Germany GmbH. All rights reserved.
License Information: Xu Jiangcheng, WHU, LIC=14HV2-9GRHB-PCMJ8-3GQAX-0MQ3P-WC9Z4
 
Tool Versions:
Toolchain:       MDK-ARM Plus  Version: 5.43.0.0
Toolchain Path:  D:\keil\Keil_v5\ARM\ARMComplier5\Bin
C Compiler:      Armcc.exe V5.06 update 7 (build 960)
Assembler:       Armasm.exe V5.06 update 7 (build 960)
Linker/Locator:  ArmLink.exe V5.06 update 7 (build 960)
Library Manager: ArmAr.exe V5.06 update 7 (build 960)
Hex Converter:   FromElf.exe V5.06 update 7 (build 960)
CPU DLL:         SARMCM3.DLL V5.43.0.0
Dialog DLL:      DCM.DLL V1.17.5.0
Target DLL:      CMSIS_AGDI.dll V1.33.24.0
Dialog DLL:      TCM.DLL V1.56.6.0
 
<h2>Project:</h2>
C:\Users\18158\Desktop\keil\STM32F407Ä£°å\Project\STM32F407.uvprojx
Project File Date:  01/08/2026

<h2>Output:</h2>
*** Using Compiler 'V5.06 update 7 (build 960)', folder: 'D:\keil\Keil_v5\ARM\ARMComplier5\Bin'
Build target 'STM32F407'
compiling stm32f4xx_it.c...
compiling main.c...
compiling led.c...
compiling delay.c...
compiling AD9954.c...
compiling Timer.c...
compiling GPIO.c...
compiling DAC.c...
compiling OLED.c...
compiling ADC.c...
compiling DMA.c...
compiling USART.c...
compiling AD9833.c...
..\Drive\Source\AD9833.c(144): warning:  #1035-D: single-precision operand implicitly converted to double-precision
      P1 = (Phase1 >= 360 || Phase1 == 0) ? 0 : (uint16_t)((float)Phase1 / 360.0 * 4095.0);
..\Drive\Source\AD9833.c(145): warning:  #1035-D: single-precision operand implicitly converted to double-precision
      P2 = (Phase2 >= 360 || Phase2 == 0) ? 0 : (uint16_t)((float)Phase2 / 360.0 * 4095.0);
..\Drive\Source\AD9833.c(169): warning:  #1035-D: single-precision operand implicitly converted to double-precision
      Ph1 = (Phase1 >= 360) ? 0 : (uint16_t)((Phase1 / 360.0) * 4095.0);
..\Drive\Source\AD9833.c(170): warning:  #1035-D: single-precision operand implicitly converted to double-precision
      Ph2 = (Phase2 >= 360) ? 0 : (uint16_t)((Phase2 / 360.0) * 4095.0);
..\Drive\Source\AD9833.c(199): warning:  #1035-D: single-precision operand implicitly converted to double-precision
      Ph = (uint16_t)((float)Phase / 360 * 4095.0) & 0x0FFF;
..\Drive\Source\AD9833.c(219): warning:  #1035-D: single-precision operand implicitly converted to double-precision
      Ph1 = (Phase1 >= 360) ? 0 : (uint16_t)((Phase1 / 360.0) * 4095.0);
..\Drive\Source\AD9833.c(220): warning:  #1035-D: single-precision operand implicitly converted to double-precision
      Ph2 = (Phase2 >= 360) ? 0 : (uint16_t)((Phase2 / 360.0) * 4095.0);
..\Drive\Source\AD9833.c: 7 warnings, 0 errors
compiling PLL.c...
..\Drive\Source\PLL.c(55): warning:  #68-D: integer conversion resulted in a change of sign
  	u64 FpdErr=-1;
..\Drive\Source\PLL.c(74): warning:  #68-D: integer conversion resulted in a change of sign
  			else return -1;
..\Drive\Source\PLL.c(141): warning:  #68-D: integer conversion resulted in a change of sign
  				else return -1;
..\Drive\Source\PLL.c(48): warning:  #177-D: variable "R"  was declared but never referenced
  	u16 CHDIV1num, CHDIV2num,MULT,PRE_R,POST_R,R,ReR,ReMULT;
..\Drive\Source\PLL.c: 4 warnings, 0 errors
compiling SI5351.c...
compiling ADF4351.c...
compiling I2C_Software.c...
compiling ADS805.c...
compiling LMX2571.c...
compiling PhaseDetect.c...
compiling Relay.c...
compiling AD7608.c...
..\Drive\Source\AD7608.c(17): warning:  #177-D: variable "adc_data"  was declared but never referenced
  	double adc_data=0.0;
..\Drive\Source\AD7608.c: 1 warning, 0 errors
compiling TLV5638.c...
..\Drive\Include\TLV5638.h(28): warning:  #1-D: last line of file ends without a newline
  #endif
..\Drive\Source\TLV5638.c(101): warning:  #1-D: last line of file ends without a newline
  }
..\Drive\Source\TLV5638.c: 2 warnings, 0 errors
compiling DAT_31R5_SPpos.c...
compiling DAC8560.c...
assembling startup_stm32f40_41xxx.s...
compiling ADS8688.c...
..\Drive\Include\ADS8688.h(69): warning:  #1-D: last line of file ends without a newline
  #endif /* __ADS8688_H_ */
..\Drive\Source\ADS8688.c(215): warning:  #1-D: last line of file ends without a newline
  }
..\Drive\Source\ADS8688.c: 2 warnings, 0 errors
compiling HMC830.c...
..\Drive\Include\HMC830.h(48): warning:  #1-D: last line of file ends without a newline
  #endif /* __HMC830_H */
..\Drive\Source\HMC830.c(396): warning:  #1-D: last line of file ends without a newline
  }
..\Drive\Source\HMC830.c: 2 warnings, 0 errors
compiling AD9959.c...
compiling Keyboard.c...
..\Drive\Include\Keyboard.h(21): warning:  #1-D: last line of file ends without a newline
  #endif /* __TM1637_H */
..\Drive\Source\Keyboard.c(183): warning:  #1-D: last line of file ends without a newline
  }
..\Drive\Source\Keyboard.c: 2 warnings, 0 errors
compiling AD5933.c...
..\Drive\Source\AD5933.c(231): warning:  #177-D: variable "Gain"  was declared but never referenced
  		uint8_t Gain = ((~CValue[0]) & 0x01) ? 5 : 1;
..\Drive\Source\AD5933.c: 1 warning, 0 errors
compiling PE4302.c...
..\Drive\Source\PE4302.c(116): warning:  #1035-D: single-precision operand implicitly converted to double-precision
  	temp=(uint8_t)(db/0.5);
..\Drive\Source\PE4302.c: 1 warning, 0 errors
compiling system_stm32f4xx.c...
compiling misc.c...
compiling stm32f4xx_gpio.c...
compiling stm32f4xx_usart.c...
compiling stm32f4xx_adc.c...
compiling stm32f4xx_rcc.c...
compiling stm32f4xx_can.c...
compiling stm32f4xx_cec.c...
compiling stm32f4xx_crc.c...
compiling stm32f4xx_cryp.c...
compiling stm32f4xx_cryp_des.c...
compiling stm32f4xx_cryp_aes.c...
compiling stm32f4xx_cryp_tdes.c...
compiling stm32f4xx_dbgmcu.c...
compiling stm32f4xx_dac.c...
compiling stm32f4xx_dcmi.c...
compiling stm32f4xx_dfsdm.c...
compiling stm32f4xx_dma.c...
compiling stm32f4xx_dma2d.c...
compiling stm32f4xx_dsi.c...
compiling stm32f4xx_exti.c...
compiling stm32f4xx_flash_ramfunc.c...
compiling stm32f4xx_flash.c...
compiling stm32f4xx_fmpi2c.c...
compiling stm32f4xx_hash_md5.c...
compiling stm32f4xx_fsmc.c...
compiling stm32f4xx_hash.c...
compiling stm32f4xx_hash_sha1.c...
compiling stm32f4xx_iwdg.c...
compiling stm32f4xx_i2c.c...
compiling stm32f4xx_lptim.c...
compiling stm32f4xx_ltdc.c...
compiling stm32f4xx_pwr.c...
compiling stm32f4xx_qspi.c...
assembling cr4_fft_256_stm32.s...
assembling cr4_fft_1024_stm32.s...
compiling stm32f4xx_rng.c...
compiling stm32f4xx_rtc.c...
compiling stm32f4xx_sai.c...
compiling stm32f4xx_sdio.c...
compiling stm32f4xx_spi.c...
compiling stm32f4xx_spdifrx.c...
compiling stm32f4xx_syscfg.c...
compiling stm32f4xx_wwdg.c...
compiling stm32f4xx_tim.c...
compiling FFT.c...
..\DSP\FFT.c(33): warning:  #223-D: function "cr4_fft_1024_stm32" declared implicitly
  	cr4_fft_1024_stm32(Out_Arr, In_Arr, FFT_LENGTH);
..\DSP\FFT.c: 1 warning, 0 errors
linking...
Program Size: Code=2224 RO-data=424 RW-data=52 ZI-data=1028  
FromELF: creating hex file...
".\Objects\STM32F429.axf" - 0 Error(s), 23 Warning(s).

<h2>Software Packages used:</h2>

Package Vendor: Keil
                https://www.keil.com/pack/Keil.STM32F4xx_DFP.3.1.1.pack
                Keil::STM32F4xx_DFP@3.1.1
                STMicroelectronics STM32F4 Series Device Support

<h2>Collection of Component include folders:</h2>

<h2>Collection of Component Files used:</h2>
Build Time Elapsed:  00:00:05
</pre>
</body>
</html>
